../Drivers/CMSIS/Include/core_cm4.h:1938:34:__NVIC_SystemReset	4	static,ignoring_inline_asm
../Core/Src/aeropendulo_main.c:196:13:uart_print	16	static
../Core/Src/aeropendulo_main.c:206:13:uart_println	16	static
../Core/Src/aeropendulo_main.c:223:12:fmt_float	32	static
../Core/Src/aeropendulo_main.c:240:13:dwt_init	8	static
../Core/Src/aeropendulo_main.c:249:17:get_cycles64	24	static
../Core/Src/aeropendulo_main.c:259:17:micros	16	static
../Core/Src/aeropendulo_main.c:264:13:icm_write_reg	32	static
../Core/Src/aeropendulo_main.c:277:16:icm_read_reg	32	static
../Core/Src/aeropendulo_main.c:289:16:icm_read_burst	32	static
../Core/Src/aeropendulo_main.c:296:16:icm_data_ready	16	static
../Core/Src/aeropendulo_main.c:306:13:icm_configurar	8	static
../Core/Src/aeropendulo_main.c:323:26:icm_iniciar	16	static
../Core/Src/aeropendulo_main.c:343:14:angulo_acelerometro	32	static
../Core/Src/aeropendulo_main.c:375:14:icm_read_gyro_y	16	static
../Core/Src/aeropendulo_main.c:384:16:icm_read_ag	48	static
../Core/Src/aeropendulo_main.c:405:13:calibrar_giroscopio	112	static
../Core/Src/aeropendulo_main.c:442:13:esc_set_us	16	static
../Core/Src/aeropendulo_main.c:450:17:pct_para_us	24	static
../Core/Src/aeropendulo_main.c:464:13:resetar_controlador	4	static
../Core/Src/aeropendulo_main.c:475:13:parsear_seq	104	static
../Core/Src/aeropendulo_main.c:505:13:iniciar_wave	120	static
../Core/Src/aeropendulo_main.c:524:13:processar_data	96	static
../Core/Src/aeropendulo_main.c:542:13:finalizar_wave	40	static
../Core/Src/aeropendulo_main.c:551:13:parsear_chirp	96	static
../Core/Src/aeropendulo_main.c:590:13:processar_comando	16	static
../Core/Src/aeropendulo_main.c:685:13:ciclo_controle	352	static
../Core/Src/aeropendulo_main.c:785:6:HAL_UART_RxCpltCallback	24	static
../Core/Src/aeropendulo_main.c:809:6:HAL_TIM_PeriodElapsedCallback	16	static
../Core/Src/aeropendulo_main.c:820:6:aeropendulo_init	64	static
../Core/Src/aeropendulo_main.c:874:6:aeropendulo_loop	16	static
