../Drivers/CMSIS/Include/core_cm4.h:1938:34:__NVIC_SystemReset	4	static,ignoring_inline_asm
../Core/Src/aeropendulo_main.c:201:13:uart_print	16	static
../Core/Src/aeropendulo_main.c:211:13:uart_println	16	static
../Core/Src/aeropendulo_main.c:228:12:fmt_float	32	static
../Core/Src/aeropendulo_main.c:245:13:dwt_init	8	static
../Core/Src/aeropendulo_main.c:254:17:get_cycles64	24	static
../Core/Src/aeropendulo_main.c:264:17:micros	16	static
../Core/Src/aeropendulo_main.c:269:13:icm_write_reg	32	static
../Core/Src/aeropendulo_main.c:282:16:icm_read_reg	32	static
../Core/Src/aeropendulo_main.c:294:16:icm_read_burst	32	static
../Core/Src/aeropendulo_main.c:301:16:icm_data_ready	16	static
../Core/Src/aeropendulo_main.c:311:13:icm_configurar	8	static
../Core/Src/aeropendulo_main.c:328:26:icm_iniciar	16	static
../Core/Src/aeropendulo_main.c:348:14:angulo_acelerometro	32	static
../Core/Src/aeropendulo_main.c:380:14:icm_read_gyro_y	16	static
../Core/Src/aeropendulo_main.c:389:16:icm_read_ag	48	static
../Core/Src/aeropendulo_main.c:410:13:calibrar_giroscopio	112	static
../Core/Src/aeropendulo_main.c:447:13:esc_set_us	16	static
../Core/Src/aeropendulo_main.c:455:17:pct_para_us	24	static
../Core/Src/aeropendulo_main.c:469:13:resetar_controlador	4	static
../Core/Src/aeropendulo_main.c:480:13:parsear_seq	104	static
../Core/Src/aeropendulo_main.c:510:13:iniciar_wave	120	static
../Core/Src/aeropendulo_main.c:529:13:processar_data	96	static
../Core/Src/aeropendulo_main.c:547:13:finalizar_wave	40	static
../Core/Src/aeropendulo_main.c:556:13:parsear_chirp	96	static
../Core/Src/aeropendulo_main.c:595:13:processar_comando	16	static
../Core/Src/aeropendulo_main.c:690:13:ciclo_controle	352	static
../Core/Src/aeropendulo_main.c:799:6:HAL_UART_RxCpltCallback	24	static
../Core/Src/aeropendulo_main.c:823:6:HAL_TIM_PeriodElapsedCallback	16	static
../Core/Src/aeropendulo_main.c:834:6:aeropendulo_init	64	static
../Core/Src/aeropendulo_main.c:888:6:aeropendulo_loop	16	static
